[assembly: System.Reflection.AssemblyMetadata("RepositoryUrl", "https://github.com/Testably/Testably.Abstractions.FileSystemGlobbing.git")]
[assembly: System.Runtime.Versioning.TargetFramework(".NETStandard,Version=v2.1", FrameworkDisplayName=".NET Standard 2.1")]
