[assembly: System.Reflection.AssemblyMetadata("RepositoryUrl", "https://github.com/Testably/Testably.Abstractions.FileSystemGlobbing.git")]
